projects/amazon-trend-analyzer/qb_chunks/page_384_skip384000.csv
ASIN Buyability Flag,asin_status,CVR%,revenue,asp,units,gv,Images #,Videos #,Has A+ Content,Buybox Winner,Average Rating,Number of Ratings,bb_price,Ad CTR%,Ad CVR%,bsr,brand,Ad CPC$,ASIN (Description),Update Type,Sold By Amazon,Has Coupon?,Has Store Link?,In Stock Today?,category,Sellable On Hand Units,asin,date,Ad Cost,Ad Sales,Ad Clicks,Ad Impressions,Ad Conversions
In Stock,ACTIVE,0.645,2244.0,5.54,405.0,628.0,5.0,0.0,True,,4.4,7470.0,5.54,0.006514657980456026,1.0,3.0,Wags & Wiggles,5.185,B0B61XR4RF (Wags & Wiggles Cleanse Hypoallergenic Wipes 100ct),[],True,True,False,True,Grooming,14181.0,B0B61XR4RF,2026-01-26,10.37,22.16,2.0,307.0,2.0
In Stock,ACTIVE,0.596,2157.0,5.5,392.0,658.0,5.0,0.0,True,,4.4,7467.0,5.5,0.001218026796589525,1.0,3.0,Wags & Wiggles,3.65,B0B61XR4RF (Wags & Wiggles Cleanse Hypoallergenic Wipes 100ct),[],True,True,False,True,Grooming,14478.0,B0B61XR4RF,2026-01-25,3.65,5.5,1.0,821.0,1.0
In Stock,ACTIVE,0.669,2241.0,5.49,408.0,610.0,5.0,0.0,True,,4.4,7468.0,5.49,0.004716981132075472,0.0,3.0,Wags & Wiggles,6.0,B0B61XR4RF (Wags & Wiggles Cleanse Hypoallergenic Wipes 100ct),[],True,True,False,True,Grooming,14585.0,B0B61XR4RF,2026-01-24,6.0,0.0,1.0,212.0,0.0
In Stock,ACTIVE,0.728,2514.0,5.5,457.0,628.0,5.0,0.0,True,,4.4,7466.0,5.5,0.0121580547112462,0.25,3.0,Wags & Wiggles,3.775,B0B61XR4RF (Wags & Wiggles Cleanse Hypoallergenic Wipes 100ct),[],True,True,False,True,Grooming,14024.0,B0B61XR4RF,2026-01-23,15.1,5.5,4.0,329.0,1.0
In Stock,ACTIVE,0.753,2808.0,5.52,509.0,676.0,5.0,0.0,True,,4.4,7458.0,5.53,0.007662835249042145,0.0,3.0,Wags & Wiggles,4.27,B0B61XR4RF (Wags & Wiggles Cleanse Hypoallergenic Wipes 100ct),[],True,True,False,True,Grooming,14034.0,B0B61XR4RF,2026-01-21,8.54,0.0,2.0,261.0,0.0
In Stock,ACTIVE,0.669,2393.0,5.54,432.0,646.0,5.0,0.0,True,,4.4,7454.0,5.54,0.01081081081081081,0.0,4.0,Wags & Wiggles,6.125,B0B61XR4RF (Wags & Wiggles Cleanse Hypoallergenic Wipes 100ct),[],True,True,False,True,Grooming,14903.0,B0B61XR4RF,2026-01-20,12.25,0.0,2.0,185.0,0.0
In Stock,ACTIVE,0.703,2722.0,5.53,492.0,700.0,5.0,0.0,True,,4.4,7453.0,5.53,0.008875739644970414,0.0,3.0,Wags & Wiggles,4.86,B0B61XR4RF (Wags & Wiggles Cleanse Hypoallergenic Wipes 100ct),[],True,True,False,True,Grooming,13699.0,B0B61XR4RF,2026-01-19,14.58,0.0,3.0,338.0,0.0
In Stock,ACTIVE,0.667,2747.0,5.54,496.0,744.0,5.0,0.0,True,,4.4,7450.0,5.54,0.0,,3.0,Wags & Wiggles,,B0B61XR4RF (Wags & Wiggles Cleanse Hypoallergenic Wipes 100ct),[],True,True,False,True,Grooming,14160.0,B0B61XR4RF,2026-01-18,0.0,0.0,0.0,244.0,0.0
In Stock,ACTIVE,0.69,2460.0,5.53,445.0,645.0,5.0,0.0,True,,4.4,7443.0,5.54,0.01593625498007968,0.25,3.0,Wags & Wiggles,3.83,B0B61XR4RF (Wags & Wiggles Cleanse Hypoallergenic Wipes 100ct),[],True,True,False,True,Grooming,14909.0,B0B61XR4RF,2026-01-17,15.32,5.54,4.0,251.0,1.0
In Stock,ACTIVE,0.669,2293.0,5.5,417.0,623.0,5.0,0.0,True,,4.4,7439.0,5.52,0.0108695652173913,1.0,4.0,Wags & Wiggles,4.01,B0B61XR4RF (Wags & Wiggles Cleanse Hypoallergenic Wipes 100ct),[],True,True,False,True,Grooming,14358.0,B0B61XR4RF,2026-01-16,8.02,12.51,2.0,184.0,2.0
In Stock,ACTIVE,0.797,2611.0,5.51,474.0,595.0,5.0,0.0,True,,4.4,7436.0,5.53,0.006048387096774193,0.6666666666666666,3.0,Wags & Wiggles,3.706666666666667,B0B61XR4RF (Wags & Wiggles Cleanse Hypoallergenic Wipes 100ct),[],True,True,False,True,Grooming,14350.0,B0B61XR4RF,2026-01-15,11.12,12.53,3.0,496.0,2.0
In Stock,ACTIVE,0.731,2594.0,5.48,473.0,647.0,5.0,0.0,True,,4.4,7434.0,5.5,0.005319148936170213,0.6666666666666666,3.0,Wags & Wiggles,3.553333333333333,B0B61XR4RF (Wags & Wiggles Cleanse Hypoallergenic Wipes 100ct),[],True,True,False,True,Grooming,14589.0,B0B61XR4RF,2026-01-14,10.66,11.03,3.0,564.0,2.0
In Stock,ACTIVE,0.68,2294.0,5.53,415.0,610.0,5.0,0.0,True,,4.4,7431.0,5.56,0.005128205128205128,0.5,4.0,Wags & Wiggles,2.345,B0B61XR4RF (Wags & Wiggles Cleanse Hypoallergenic Wipes 100ct),[],True,True,False,True,Grooming,14790.0,B0B61XR4RF,2026-01-13,9.38,16.56,4.0,780.0,2.0
In Stock,ACTIVE,0.7070000000000001,2406.0,5.53,435.0,615.0,5.0,0.0,True,,4.4,7427.0,5.21,0.009287925696594427,0.3333333333333333,4.0,Wags & Wiggles,3.853333333333333,B0B61XR4RF (Wags & Wiggles Cleanse Hypoallergenic Wipes 100ct),[],True,True,False,True,Grooming,15454.0,B0B61XR4RF,2026-01-12,11.56,22.32,3.0,323.0,1.0
In Stock,ACTIVE,0.679,2610.0,5.21,501.0,738.0,5.0,0.0,True,,4.4,7425.0,5.21,0.005305039787798408,0.5,3.0,Wags & Wiggles,5.14,B0B61XR4RF (Wags & Wiggles Cleanse Hypoallergenic Wipes 100ct),[],True,True,False,True,Grooming,14761.0,B0B61XR4RF,2026-01-11,10.28,5.21,2.0,377.0,1.0
In Stock,ACTIVE,0.6629999999999999,2063.0,5.21,396.0,597.0,5.0,0.0,True,,4.4,7424.0,5.21,0.01061007957559682,0.5,3.0,Wags & Wiggles,2.565,B0B61XR4RF (Wags & Wiggles Cleanse Hypoallergenic Wipes 100ct),[],True,True,False,True,Grooming,14982.0,B0B61XR4RF,2026-01-10,10.26,13.98,4.0,377.0,2.0
In Stock,ACTIVE,0.8190000000000001,2265.0,5.21,435.0,531.0,5.0,0.0,True,,4.4,7420.0,5.21,0.007163323782234957,0.2,3.0,Wags & Wiggles,4.218,B0B61XR4RF (Wags & Wiggles Cleanse Hypoallergenic Wipes 100ct),[],True,True,False,True,Grooming,13747.0,B0B61XR4RF,2026-01-09,21.09,5.21,5.0,698.0,1.0
In Stock,ACTIVE,0.775,2427.0,5.21,466.0,601.0,6.0,0.0,True,,4.4,7414.0,5.21,0.007619047619047619,0.5,3.0,Wags & Wiggles,3.295,B0B61XR4RF (Wags & Wiggles Cleanse Hypoallergenic Wipes 100ct),[],True,True,False,True,Grooming,13155.0,B0B61XR4RF,2026-01-08,13.18,10.42,4.0,525.0,2.0
In Stock,ACTIVE,0.746,2416.0,5.21,464.0,622.0,6.0,0.0,True,,4.4,7410.0,5.21,0.008438818565400843,0.5,4.0,Wags & Wiggles,3.5,B0B61XR4RF (Wags & Wiggles Cleanse Hypoallergenic Wipes 100ct),[],True,True,False,True,Grooming,12296.0,B0B61XR4RF,2026-01-07,7.0,5.21,2.0,237.0,1.0
In Stock,ACTIVE,0.713,2176.0,5.19,419.0,588.0,6.0,0.0,True,,4.4,7406.0,5.18,0.004201680672268907,0.6666666666666666,4.0,Wags & Wiggles,3.136666666666667,B0B61XR4RF (Wags & Wiggles Cleanse Hypoallergenic Wipes 100ct),[],True,True,False,True,Grooming,12040.0,B0B61XR4RF,2026-01-06,9.41,10.36,3.0,714.0,2.0
In Stock,ACTIVE,0.6859999999999999,2243.0,5.18,433.0,631.0,6.0,0.0,True,,4.4,7396.0,5.18,0.007399577167019027,0.2857142857142857,4.0,Wags & Wiggles,2.602857142857143,B0B61XR4RF (Wags & Wiggles Cleanse Hypoallergenic Wipes 100ct),[],True,True,False,True,Grooming,10914.0,B0B61XR4RF,2026-01-05,18.22,15.54,7.0,946.0,2.0
In Stock,ACTIVE,0.6459999999999999,2404.0,5.18,464.0,718.0,6.0,0.0,True,,4.4,7391.0,5.18,0.005186721991701245,1.0,4.0,Wags & Wiggles,2.612,B0B61XR4RF (Wags & Wiggles Cleanse Hypoallergenic Wipes 100ct),[],True,True,False,True,Grooming,11975.0,B0B61XR4RF,2026-01-04,13.06,36.49,5.0,964.0,5.0
In Stock,ACTIVE,0.607,2170.0,5.17,420.0,692.0,6.0,0.0,True,,4.4,7387.0,5.18,0.002457002457002457,1.0,4.0,Wags & Wiggles,1.71,B0B61XR4RF (Wags & Wiggles Cleanse Hypoallergenic Wipes 100ct),[],True,True,False,True,Grooming,12982.0,B0B61XR4RF,2026-01-03,1.71,5.18,1.0,407.0,1.0
In Stock,ACTIVE,0.83,2471.0,5.18,477.0,575.0,6.0,0.0,True,,4.4,7384.0,5.18,0.00909090909090909,0.75,4.0,Wags & Wiggles,2.595,B0B61XR4RF (Wags & Wiggles Cleanse Hypoallergenic Wipes 100ct),[],True,True,False,True,Grooming,13110.0,B0B61XR4RF,2026-01-02,10.38,15.54,4.0,440.0,3.0
In Stock,ACTIVE,0.784,2217.0,5.18,428.0,546.0,6.0,0.0,True,,4.4,7380.0,5.18,0.005547850208044383,1.0,4.0,Wags & Wiggles,2.73,B0B61XR4RF (Wags & Wiggles Cleanse Hypoallergenic Wipes 100ct),[],True,False,False,True,Grooming,11091.0,B0B61XR4RF,2026-01-01,10.92,20.72,4.0,721.0,4.0
In Stock,ACTIVE,0.65,1471.0,5.18,284.0,437.0,6.0,0.0,True,,4.4,7367.0,5.18,0.0,,4.0,Wags & Wiggles,,B0B61XR4RF (Wags & Wiggles Cleanse Hypoallergenic Wipes 100ct),[],True,True,False,True,Grooming,11130.0,B0B61XR4RF,2025-12-31,0.0,0.0,0.0,1561.0,0.0
In Stock,ACTIVE,0.7190000000000001,2052.0,5.18,396.0,551.0,6.0,0.0,True,,4.4,7368.0,5.18,0.009836065573770493,0.5,4.0,Wags & Wiggles,2.368333333333334,B0B61XR4RF (Wags & Wiggles Cleanse Hypoallergenic Wipes 100ct),[],True,True,False,True,Grooming,11960.0,B0B61XR4RF,2025-12-30,14.21,15.54,6.0,610.0,3.0
In Stock,ACTIVE,0.67,2144.0,5.18,414.0,618.0,6.0,0.0,True,,4.4,7349.0,5.18,0.005338078291814947,0.0,4.0,Wags & Wiggles,2.58,B0B61XR4RF (Wags & Wiggles Cleanse Hypoallergenic Wipes 100ct),[],True,True,False,True,Grooming,11571.0,B0B61XR4RF,2025-12-29,7.74,0.0,3.0,562.0,0.0
In Stock,ACTIVE,0.7290000000000001,2460.0,5.18,475.0,652.0,6.0,0.0,True,,4.4,7350.0,5.18,0.00966183574879227,0.25,4.0,Wags & Wiggles,3.0175,B0B61XR4RF (Wags & Wiggles Cleanse Hypoallergenic Wipes 100ct),[],True,True,False,True,Grooming,12001.0,B0B61XR4RF,2025-12-28,12.07,5.18,4.0,414.0,1.0
In Stock,ACTIVE,0.69,2290.0,5.17,443.0,642.0,6.0,0.0,True,,4.4,7350.0,5.17,0.006144393241167435,0.25,4.0,Wags & Wiggles,3.1075,B0B61XR4RF (Wags & Wiggles Cleanse Hypoallergenic Wipes 100ct),[],True,True,False,True,Grooming,11661.0,B0B61XR4RF,2025-12-27,12.43,5.18,4.0,651.0,1.0
In Stock,ACTIVE,0.752,2182.0,5.17,422.0,561.0,6.0,0.0,True,,4.4,7345.0,5.17,0.006578947368421052,1.0,4.0,Wags & Wiggles,3.455,B0B61XR4RF (Wags & Wiggles Cleanse Hypoallergenic Wipes 100ct),[],True,True,False,True,Grooming,11970.0,B0B61XR4RF,2025-12-26,6.91,10.34,2.0,304.0,2.0
In Stock,ACTIVE,0.706,1251.0,5.17,242.0,343.0,6.0,0.0,True,,4.4,7336.0,5.17,0.004761904761904762,0.3333333333333333,4.0,Wags & Wiggles,2.776666666666667,B0B61XR4RF (Wags & Wiggles Cleanse Hypoallergenic Wipes 100ct),[],True,True,False,True,Grooming,12331.0,B0B61XR4RF,2025-12-25,8.33,5.17,3.0,630.0,1.0
In Stock,ACTIVE,0.703,1091.0,5.17,211.0,300.0,6.0,0.0,True,,4.4,7333.0,5.17,0.004081632653061225,0.3333333333333333,4.0,Wags & Wiggles,3.61,B0B61XR4RF (Wags & Wiggles Cleanse Hypoallergenic Wipes 100ct),[],True,True,False,True,Grooming,12334.0,B0B61XR4RF,2025-12-24,10.83,5.17,3.0,735.0,1.0
In Stock,ACTIVE,0.652,1489.0,5.17,288.0,442.0,6.0,0.0,True,,4.4,7329.0,5.17,0.004587155963302753,0.0,4.0,Wags & Wiggles,4.02,B0B61XR4RF (Wags & Wiggles Cleanse Hypoallergenic Wipes 100ct),[],True,True,False,True,Grooming,12407.0,B0B61XR4RF,2025-12-23,4.02,0.0,1.0,218.0,0.0
In Stock,ACTIVE,0.73,1929.0,5.17,373.0,511.0,6.0,0.0,True,,4.4,7326.0,5.17,0.01886792452830189,0.4,3.0,Wags & Wiggles,2.472,B0B61XR4RF (Wags & Wiggles Cleanse Hypoallergenic Wipes 100ct),[],True,True,False,True,Grooming,12420.0,B0B61XR4RF,2025-12-22,12.36,10.35,5.0,265.0,2.0
In Stock,ACTIVE,0.762,2317.0,5.17,448.0,588.0,6.0,0.0,True,,4.4,7325.0,5.17,0.008988764044943821,0.25,3.0,Wags & Wiggles,3.405,B0B61XR4RF (Wags & Wiggles Cleanse Hypoallergenic Wipes 100ct),[],True,True,False,True,Grooming,12849.0,B0B61XR4RF,2025-12-21,13.62,5.17,4.0,445.0,1.0
In Stock,ACTIVE,0.727,2208.0,5.17,427.0,587.0,6.0,0.0,True,,4.4,7318.0,5.17,0.0223463687150838,0.5,3.0,Wags & Wiggles,3.61,B0B61XR4RF (Wags & Wiggles Cleanse Hypoallergenic Wipes 100ct),[],True,True,False,True,Grooming,13602.0,B0B61XR4RF,2025-12-20,14.44,10.34,4.0,179.0,2.0
In Stock,ACTIVE,0.9359999999999999,2347.0,5.17,454.0,485.0,6.0,0.0,True,,4.4,7316.0,5.17,0.005925925925925926,0.5,4.0,Wags & Wiggles,3.645,B0B61XR4RF (Wags & Wiggles Cleanse Hypoallergenic Wipes 100ct),[],True,True,False,True,Grooming,13225.0,B0B61XR4RF,2025-12-19,14.58,19.15,4.0,675.0,2.0
In Stock,ACTIVE,0.767,2162.0,5.17,418.0,545.0,6.0,0.0,True,,4.4,7313.0,5.17,0.006903353057199211,0.2857142857142857,5.0,Wags & Wiggles,3.041428571428571,B0B61XR4RF (Wags & Wiggles Cleanse Hypoallergenic Wipes 100ct),[],True,True,False,True,Grooming,13536.0,B0B61XR4RF,2025-12-18,21.29,10.34,7.0,1014.0,2.0
In Stock,ACTIVE,0.758,2348.0,5.17,454.0,599.0,6.0,0.0,True,,4.4,7309.0,5.17,0.0112540192926045,0.2857142857142857,4.0,Wags & Wiggles,2.734285714285714,B0B61XR4RF (Wags & Wiggles Cleanse Hypoallergenic Wipes 100ct),[],True,True,False,True,Grooming,13685.0,B0B61XR4RF,2025-12-17,19.14,10.34,7.0,622.0,2.0
In Stock,ACTIVE,0.6709999999999999,1790.0,5.17,346.0,516.0,6.0,0.0,True,,4.4,7309.0,5.17,0.0028388928317956,0.5,4.0,Wags & Wiggles,2.01,B0B61XR4RF (Wags & Wiggles Cleanse Hypoallergenic Wipes 100ct),[],True,True,False,True,Grooming,14103.0,B0B61XR4RF,2025-12-16,8.04,10.34,4.0,1409.0,2.0
In Stock,ACTIVE,0.6559999999999999,1882.0,5.17,364.0,555.0,6.0,0.0,True,,4.4,7304.0,5.17,0.003821656050955414,0.0,4.0,Wags & Wiggles,3.306666666666667,B0B61XR4RF (Wags & Wiggles Cleanse Hypoallergenic Wipes 100ct),[],True,True,False,True,Grooming,14549.0,B0B61XR4RF,2025-12-15,9.92,0.0,3.0,785.0,0.0
In Stock,ACTIVE,0.7140000000000001,2350.0,5.17,455.0,637.0,6.0,0.0,True,,4.4,7298.0,5.17,0.004562043795620438,0.6,3.0,Wags & Wiggles,3.126,B0B61XR4RF (Wags & Wiggles Cleanse Hypoallergenic Wipes 100ct),[],True,True,False,True,Grooming,13846.0,B0B61XR4RF,2025-12-14,15.63,15.51,5.0,1096.0,3.0
In Stock,ACTIVE,0.713,2058.0,5.16,399.0,560.0,6.0,0.0,True,,4.4,7295.0,5.17,0.006072874493927126,1.0,4.0,Wags & Wiggles,3.503333333333333,B0B61XR4RF (Wags & Wiggles Cleanse Hypoallergenic Wipes 100ct),[],True,True,False,True,Grooming,13853.0,B0B61XR4RF,2025-12-13,10.51,20.68,3.0,494.0,3.0
In Stock,ACTIVE,0.7490000000000001,1908.0,5.16,370.0,494.0,6.0,0.0,True,,4.4,7288.0,5.17,0.01030927835051546,0.2,3.0,Wags & Wiggles,3.478,B0B61XR4RF (Wags & Wiggles Cleanse Hypoallergenic Wipes 100ct),[],True,True,False,True,Grooming,14058.0,B0B61XR4RF,2025-12-12,17.39,5.17,5.0,485.0,1.0
In Stock,ACTIVE,0.821,1749.0,5.16,339.0,413.0,6.0,0.0,True,,4.4,7284.0,5.17,0.009404388714733543,0.3333333333333333,3.0,Wags & Wiggles,2.996666666666667,B0B61XR4RF (Wags & Wiggles Cleanse Hypoallergenic Wipes 100ct),[],True,True,False,True,Grooming,14419.0,B0B61XR4RF,2025-12-11,17.98,10.34,6.0,638.0,2.0
In Stock,ACTIVE,0.774,1874.0,5.16,363.0,469.0,6.0,0.0,True,,4.4,7279.0,5.17,0.009195402298850575,0.25,3.0,Wags & Wiggles,2.8075,B0B61XR4RF (Wags & Wiggles Cleanse Hypoallergenic Wipes 100ct),[],True,True,False,True,Grooming,13427.0,B0B61XR4RF,2025-12-10,11.23,5.17,4.0,435.0,1.0
In Stock,ACTIVE,0.785,2182.0,5.16,423.0,539.0,6.0,0.0,True,,4.4,7273.0,5.17,0.004210526315789474,0.0,3.0,Wags & Wiggles,3.85,B0B61XR4RF (Wags & Wiggles Cleanse Hypoallergenic Wipes 100ct),[],True,True,False,True,Grooming,13022.0,B0B61XR4RF,2025-12-09,7.7,0.0,2.0,475.0,0.0
In Stock,ACTIVE,0.8109999999999999,2337.0,4.99,468.0,577.0,6.0,0.0,True,,4.4,7271.0,4.99,0.01173708920187793,0.2,3.0,Wags & Wiggles,3.0,B0B61XR4RF (Wags & Wiggles Cleanse Hypoallergenic Wipes 100ct),[],True,True,False,True,Grooming,13765.0,B0B61XR4RF,2025-12-08,15.0,4.99,5.0,426.0,1.0
In Stock,ACTIVE,0.7190000000000001,2656.0,4.99,532.0,740.0,6.0,0.0,True,,4.4,7269.0,4.99,0.01754385964912281,0.0,3.0,Wags & Wiggles,2.752857142857143,B0B61XR4RF (Wags & Wiggles Cleanse Hypoallergenic Wipes 100ct),[],True,True,False,True,Grooming,13026.0,B0B61XR4RF,2025-12-07,19.27,0.0,7.0,399.0,0.0
In Stock,ACTIVE,0.685,2186.0,4.98,439.0,641.0,6.0,0.0,True,,4.4,7268.0,4.99,0.009070294784580499,0.5,3.0,Wags & Wiggles,3.1875,B0B61XR4RF (Wags & Wiggles Cleanse Hypoallergenic Wipes 100ct),[],True,True,False,True,Grooming,12991.0,B0B61XR4RF,2025-12-06,12.75,9.98,4.0,441.0,2.0
In Stock,ACTIVE,0.706,2395.0,4.99,480.0,680.0,6.0,0.0,True,,4.4,7259.0,4.99,0.01132075471698113,0.3333333333333333,3.0,Wags & Wiggles,3.216666666666667,B0B61XR4RF (Wags & Wiggles Cleanse Hypoallergenic Wipes 100ct),[],True,True,False,True,Grooming,12915.0,B0B61XR4RF,2025-12-05,19.3,9.98,6.0,530.0,2.0
In Stock,ACTIVE,0.732,2375.0,4.99,476.0,650.0,6.0,0.0,True,,4.4,7249.0,4.99,0.007590132827324478,0.375,3.0,Wags & Wiggles,2.53,B0B61XR4RF (Wags & Wiggles Cleanse Hypoallergenic Wipes 100ct),[],True,True,False,True,Grooming,12947.0,B0B61XR4RF,2025-12-04,20.24,14.97,8.0,1054.0,3.0
In Stock,ACTIVE,0.71,2295.0,4.99,460.0,648.0,6.0,0.0,True,,4.4,7244.0,4.99,0.006720430107526882,0.0,3.0,Wags & Wiggles,3.098,B0B61XR4RF (Wags & Wiggles Cleanse Hypoallergenic Wipes 100ct),[],True,True,False,True,Grooming,13197.0,B0B61XR4RF,2025-12-03,15.49,0.0,5.0,744.0,0.0
In Stock,ACTIVE,0.622,1911.0,4.99,383.0,616.0,6.0,0.0,True,,4.4,7238.0,4.99,0.007067137809187279,0.5,4.0,Wags & Wiggles,3.465,B0B61XR4RF (Wags & Wiggles Cleanse Hypoallergenic Wipes 100ct),[],True,True,False,True,Grooming,14068.0,B0B61XR4RF,2025-12-02,13.86,9.98,4.0,566.0,2.0
In Stock,ACTIVE,0.976,2984.0,4.99,598.0,613.0,6.0,0.0,True,,4.4,7232.0,4.99,0.01291248206599713,0.6666666666666666,3.0,Wags & Wiggles,3.584444444444444,B0B61XR4RF (Wags & Wiggles Cleanse Hypoallergenic Wipes 100ct),[],True,True,False,True,Grooming,15272.0,B0B61XR4RF,2025-12-01,32.26,34.93,9.0,697.0,6.0
In Stock,ACTIVE,0.757,2620.0,4.98,526.0,695.0,6.0,0.0,True,,4.4,7224.0,4.99,0.02253521126760564,0.5,3.0,Wags & Wiggles,3.22875,B0B61XR4RF (Wags & Wiggles Cleanse Hypoallergenic Wipes 100ct),[],True,True,False,True,Grooming,13333.0,B0B61XR4RF,2025-11-30,25.83,19.96,8.0,355.0,4.0
In Stock,ACTIVE,0.7070000000000001,2275.0,4.99,456.0,645.0,6.0,0.0,True,,4.4,7223.0,4.99,0.009259259259259259,0.1428571428571428,3.0,Wags & Wiggles,3.39,B0B61XR4RF (Wags & Wiggles Cleanse Hypoallergenic Wipes 100ct),[],True,True,False,True,Grooming,13557.0,B0B61XR4RF,2025-11-29,23.73,4.99,7.0,756.0,1.0
In Stock,ACTIVE,0.7909999999999999,2939.0,4.99,589.0,745.0,6.0,0.0,True,,4.4,7216.0,4.99,0.01505376344086022,0.5,3.0,Wags & Wiggles,3.794285714285714,B0B61XR4RF (Wags & Wiggles Cleanse Hypoallergenic Wipes 100ct),[],True,True,False,True,Grooming,13599.0,B0B61XR4RF,2025-11-28,53.12,41.92,14.0,930.0,7.0
In Stock,ACTIVE,0.802,1836.0,4.99,368.0,459.0,6.0,0.0,True,,4.4,7216.0,4.99,0.03225806451612903,0.4,3.0,Wags & Wiggles,3.693,B0B61XR4RF (Wags & Wiggles Cleanse Hypoallergenic Wipes 100ct),[],True,True,False,True,Grooming,14112.0,B0B61XR4RF,2025-11-27,36.93,24.95,10.0,310.0,4.0
In Stock,ACTIVE,0.8190000000000001,2186.0,4.99,438.0,535.0,6.0,0.0,True,,4.4,7215.0,4.99,0.04444444444444445,0.3571428571428572,3.0,Wags & Wiggles,2.944285714285714,B0B61XR4RF (Wags & Wiggles Cleanse Hypoallergenic Wipes 100ct),[],True,True,False,True,Grooming,13302.0,B0B61XR4RF,2025-11-26,41.22,26.95,14.0,315.0,5.0
